[2026-01-07T19:22:24.606Z] --- GET /users REQUEST ---
[2026-01-07T19:22:24.607Z] User Token Payload: {"id":4,"role":"DISTRIBUTOR","name":"shubham","iat":1767813741,"exp":1768418541}
[2026-01-07T19:22:24.608Z] Applying Filter: distributorId=4 (number)
[2026-01-07T19:22:24.609Z] Final Where: {"distributorId":4,"role":"DEALER"}
[2026-01-07T19:22:24.611Z] Found 4 users.
[2026-01-07T19:22:33.218Z] --- GET /users REQUEST ---
[2026-01-07T19:22:33.219Z] User Token Payload: {"id":4,"role":"DISTRIBUTOR","name":"shubham","iat":1767813741,"exp":1768418541}
[2026-01-07T19:22:33.220Z] Applying Filter: distributorId=4 (number)
[2026-01-07T19:22:33.221Z] Final Where: {"distributorId":4,"role":"DEALER"}
[2026-01-07T19:22:33.222Z] Found 4 users.
[2026-01-07T19:22:44.275Z] --- GET /users REQUEST ---
[2026-01-07T19:22:44.275Z] User Token Payload: {"id":4,"role":"DISTRIBUTOR","name":"shubham","iat":1767813741,"exp":1768418541}
[2026-01-07T19:22:44.276Z] Applying Filter: distributorId=4 (number)
[2026-01-07T19:22:44.277Z] Final Where: {"distributorId":4,"role":"DEALER"}
[2026-01-07T19:22:44.279Z] Found 4 users.
[2026-01-07T19:23:18.295Z] --- GET /users REQUEST ---
[2026-01-07T19:23:18.295Z] User Token Payload: {"id":4,"role":"DISTRIBUTOR","name":"shubham","iat":1767813741,"exp":1768418541}
[2026-01-07T19:23:18.296Z] Applying Filter: distributorId=4 (number)
[2026-01-07T19:23:18.297Z] Final Where: {"distributorId":4,"role":"DEALER"}
[2026-01-07T19:23:18.299Z] Found 5 users.
[2026-01-07T19:23:42.233Z] --- GET /users REQUEST ---
[2026-01-07T19:23:42.234Z] User Token Payload: {"id":11,"role":"DISTRIBUTOR","name":"bhaktidevi","iat":1767813818,"exp":1768418618}
[2026-01-07T19:23:42.236Z] Applying Filter: distributorId=11 (number)
[2026-01-07T19:23:42.238Z] Final Where: {"distributorId":11,"role":"DEALER"}
[2026-01-07T19:23:42.243Z] Found 3 users.
[2026-01-07T19:23:46.786Z] --- GET /users REQUEST ---
[2026-01-07T19:23:46.787Z] User Token Payload: {"id":11,"role":"DISTRIBUTOR","name":"bhaktidevi","iat":1767813818,"exp":1768418618}
[2026-01-07T19:23:46.787Z] Applying Filter: distributorId=11 (number)
[2026-01-07T19:23:46.788Z] Final Where: {"distributorId":11,"role":"DEALER"}
[2026-01-07T19:23:46.789Z] Found 3 users.
[2026-01-07T19:25:43.788Z] --- GET /users REQUEST ---
[2026-01-07T19:25:43.788Z] User Token Payload: {"id":4,"role":"DISTRIBUTOR","name":"shubham","iat":1767813941,"exp":1768418741}
[2026-01-07T19:25:43.789Z] Applying Filter: distributorId=4 (number)
[2026-01-07T19:25:43.790Z] Final Where: {"distributorId":4,"role":"DEALER"}
[2026-01-07T19:25:43.792Z] Found 5 users.
[2026-01-07T19:25:46.595Z] --- GET /users REQUEST ---
[2026-01-07T19:25:46.595Z] User Token Payload: {"id":4,"role":"DISTRIBUTOR","name":"shubham","iat":1767813941,"exp":1768418741}
[2026-01-07T19:25:46.596Z] Applying Filter: distributorId=4 (number)
[2026-01-07T19:25:46.596Z] Final Where: {"distributorId":4,"role":"DEALER"}
[2026-01-07T19:25:46.598Z] Found 5 users.
[2026-01-07T19:30:56.334Z] --- GET /users REQUEST ---
[2026-01-07T19:30:56.335Z] User Token Payload: {"id":4,"role":"DISTRIBUTOR","name":"shubham","iat":1767813941,"exp":1768418741}
[2026-01-07T19:30:56.335Z] Applying Filter: distributorId=4 (number)
[2026-01-07T19:30:56.336Z] Final Where: {"distributorId":4,"role":"DEALER"}
[2026-01-07T19:30:56.338Z] Found 5 users.
[2026-01-07T19:32:00.858Z] --- GET /users REQUEST ---
[2026-01-07T19:32:00.859Z] User Token Payload: {"id":1,"role":"MANUFACTURER","name":"Z-on Door Admin","iat":1767814313,"exp":1768419113}
[2026-01-07T19:32:00.860Z] Final Where: {"role":"DISTRIBUTOR"}
[2026-01-07T19:32:00.861Z] Found 3 users.
[2026-01-07T19:32:07.790Z] --- GET /users REQUEST ---
[2026-01-07T19:32:07.791Z] User Token Payload: {"id":1,"role":"MANUFACTURER","name":"Z-on Door Admin","iat":1767814313,"exp":1768419113}
[2026-01-07T19:32:07.792Z] Final Where: {"role":"DEALER"}
[2026-01-07T19:32:07.793Z] --- GET /users REQUEST ---
[2026-01-07T19:32:07.793Z] User Token Payload: {"id":1,"role":"MANUFACTURER","name":"Z-on Door Admin","iat":1767814313,"exp":1768419113}
[2026-01-07T19:32:07.794Z] Final Where: {"role":"DISTRIBUTOR"}
[2026-01-07T19:32:07.796Z] Found 9 users.
[2026-01-07T19:32:07.797Z] Found 3 users.
[2026-01-07T19:32:22.735Z] --- GET /users REQUEST ---
[2026-01-07T19:32:22.735Z] User Token Payload: {"id":1,"role":"MANUFACTURER","name":"Z-on Door Admin","iat":1767814313,"exp":1768419113}
[2026-01-07T19:32:22.736Z] Final Where: {"role":"DISTRIBUTOR"}
[2026-01-07T19:32:22.738Z] Found 3 users.
[2026-01-07T19:42:17.580Z] --- GET /users REQUEST ---
[2026-01-07T19:42:17.581Z] User Token Payload: {"id":1,"role":"MANUFACTURER","name":"Z-on Door Admin","iat":1767814313,"exp":1768419113}
[2026-01-07T19:42:17.581Z] Final Where: {"role":"DISTRIBUTOR"}
[2026-01-07T19:42:17.583Z] Found 3 users.
[2026-01-07T19:42:19.142Z] --- GET /users REQUEST ---
[2026-01-07T19:42:19.143Z] User Token Payload: {"id":1,"role":"MANUFACTURER","name":"Z-on Door Admin","iat":1767814313,"exp":1768419113}
[2026-01-07T19:42:19.144Z] Final Where: {"role":"DISTRIBUTOR"}
[2026-01-07T19:42:19.145Z] --- GET /users REQUEST ---
[2026-01-07T19:42:19.145Z] User Token Payload: {"id":1,"role":"MANUFACTURER","name":"Z-on Door Admin","iat":1767814313,"exp":1768419113}
[2026-01-07T19:42:19.146Z] Final Where: {"role":"DEALER"}
[2026-01-07T19:42:19.148Z] Found 3 users.
[2026-01-07T19:42:19.148Z] Found 9 users.
[2026-01-07T19:42:36.813Z] --- GET /users REQUEST ---
[2026-01-07T19:42:36.813Z] User Token Payload: {"id":1,"role":"MANUFACTURER","name":"Z-on Door Admin","iat":1767814313,"exp":1768419113}
[2026-01-07T19:42:36.814Z] Final Where: {"role":"DISTRIBUTOR"}
[2026-01-07T19:42:36.816Z] Found 3 users.
[2026-01-07T19:42:38.011Z] --- GET /users REQUEST ---
[2026-01-07T19:42:38.012Z] User Token Payload: {"id":1,"role":"MANUFACTURER","name":"Z-on Door Admin","iat":1767814313,"exp":1768419113}
[2026-01-07T19:42:38.012Z] Final Where: {"role":"DISTRIBUTOR"}
[2026-01-07T19:42:38.014Z] --- GET /users REQUEST ---
[2026-01-07T19:42:38.015Z] User Token Payload: {"id":1,"role":"MANUFACTURER","name":"Z-on Door Admin","iat":1767814313,"exp":1768419113}
[2026-01-07T19:42:38.015Z] Final Where: {"role":"DEALER"}
[2026-01-07T19:42:38.017Z] Found 3 users.
[2026-01-07T19:42:38.019Z] Found 9 users.
[2026-01-08T09:57:45.324Z] --- GET /users REQUEST ---
[2026-01-08T09:57:45.417Z] User Token Payload: {"id":1,"role":"MANUFACTURER","name":"Z-on Door Admin","iat":1767814313,"exp":1768419113}
[2026-01-08T09:57:45.418Z] Final Where: {"role":"DISTRIBUTOR"}
[2026-01-08T09:57:45.419Z] Found 3 users.
[2026-01-08T10:25:08.836Z] --- GET /users REQUEST ---
[2026-01-08T10:25:10.487Z] User Token Payload: {"id":1,"role":"MANUFACTURER","name":"Z-on Door Admin","iat":1767814313,"exp":1768419113}
[2026-01-08T10:25:10.487Z] Final Where: {"role":"DISTRIBUTOR"}
[2026-01-08T10:25:10.489Z] Found 3 users.
[2026-01-08T10:25:13.491Z] --- GET /users REQUEST ---
[2026-01-08T10:25:13.492Z] User Token Payload: {"id":1,"role":"MANUFACTURER","name":"Z-on Door Admin","iat":1767814313,"exp":1768419113}
[2026-01-08T10:25:13.492Z] Final Where: {"role":"DISTRIBUTOR"}
[2026-01-08T10:25:13.494Z] --- GET /users REQUEST ---
[2026-01-08T10:25:13.494Z] User Token Payload: {"id":1,"role":"MANUFACTURER","name":"Z-on Door Admin","iat":1767814313,"exp":1768419113}
[2026-01-08T10:25:13.495Z] Final Where: {"role":"DEALER"}
[2026-01-08T10:25:13.497Z] Found 3 users.
[2026-01-08T10:25:13.498Z] Found 9 users.
[2026-01-08T10:25:21.508Z] --- GET /users REQUEST ---
[2026-01-08T10:25:21.509Z] User Token Payload: {"id":1,"role":"MANUFACTURER","name":"Z-on Door Admin","iat":1767814313,"exp":1768419113}
[2026-01-08T10:25:21.510Z] Final Where: {"role":"DEALER"}
[2026-01-08T10:25:21.511Z] --- GET /users REQUEST ---
[2026-01-08T10:25:21.511Z] User Token Payload: {"id":1,"role":"MANUFACTURER","name":"Z-on Door Admin","iat":1767814313,"exp":1768419113}
[2026-01-08T10:25:21.512Z] Final Where: {"role":"DISTRIBUTOR"}
[2026-01-08T10:25:21.514Z] Found 9 users.
[2026-01-08T10:25:21.515Z] Found 3 users.
[2026-01-09T06:32:21.904Z] --- GET /users REQUEST ---
[2026-01-09T06:32:21.999Z] User Token Payload: {"id":1,"role":"MANUFACTURER","name":"Z-on Door Admin","iat":1767940340,"exp":1768545140}
[2026-01-09T06:32:22.000Z] Final Where: {"role":"DISTRIBUTOR"}
[2026-01-09T06:32:22.004Z] Found 3 users.
[2026-01-09T06:32:23.651Z] --- GET /users REQUEST ---
[2026-01-09T06:32:23.652Z] User Token Payload: {"id":1,"role":"MANUFACTURER","name":"Z-on Door Admin","iat":1767940340,"exp":1768545140}
[2026-01-09T06:32:23.653Z] Final Where: {"role":"DISTRIBUTOR"}
[2026-01-09T06:32:23.654Z] --- GET /users REQUEST ---
[2026-01-09T06:32:23.654Z] User Token Payload: {"id":1,"role":"MANUFACTURER","name":"Z-on Door Admin","iat":1767940340,"exp":1768545140}
[2026-01-09T06:32:23.655Z] Final Where: {"role":"DEALER"}
[2026-01-09T06:32:23.657Z] Found 3 users.
[2026-01-09T06:32:23.658Z] Found 9 users.
[2026-01-09T06:32:38.615Z] --- GET /users REQUEST ---
[2026-01-09T06:32:38.616Z] User Token Payload: {"id":1,"role":"MANUFACTURER","name":"Z-on Door Admin","iat":1767940340,"exp":1768545140}
[2026-01-09T06:32:38.617Z] Final Where: {"role":"DISTRIBUTOR"}
[2026-01-09T06:32:38.618Z] Found 3 users.
[2026-01-09T06:32:50.769Z] --- GET /users REQUEST ---
[2026-01-09T06:32:50.769Z] User Token Payload: {"id":1,"role":"MANUFACTURER","name":"Z-on Door Admin","iat":1767940340,"exp":1768545140}
[2026-01-09T06:32:50.770Z] Final Where: {"role":"DEALER"}
[2026-01-09T06:32:50.771Z] --- GET /users REQUEST ---
[2026-01-09T06:32:50.772Z] User Token Payload: {"id":1,"role":"MANUFACTURER","name":"Z-on Door Admin","iat":1767940340,"exp":1768545140}
[2026-01-09T06:32:50.772Z] Final Where: {"role":"DISTRIBUTOR"}
[2026-01-09T06:32:50.774Z] Found 9 users.
[2026-01-09T06:32:50.776Z] Found 3 users.
[2026-01-09T06:33:50.767Z] --- GET /users REQUEST ---
[2026-01-09T06:33:50.768Z] User Token Payload: {"id":1,"role":"MANUFACTURER","name":"Z-on Door Admin","iat":1767940429,"exp":1768545229}
[2026-01-09T06:33:50.769Z] Final Where: {"role":"DISTRIBUTOR"}
[2026-01-09T06:33:50.770Z] Found 3 users.
[2026-01-09T06:33:51.604Z] --- GET /users REQUEST ---
[2026-01-09T06:33:51.604Z] User Token Payload: {"id":1,"role":"MANUFACTURER","name":"Z-on Door Admin","iat":1767940429,"exp":1768545229}
[2026-01-09T06:33:51.605Z] Final Where: {"role":"DISTRIBUTOR"}
[2026-01-09T06:33:51.606Z] --- GET /users REQUEST ---
[2026-01-09T06:33:51.607Z] User Token Payload: {"id":1,"role":"MANUFACTURER","name":"Z-on Door Admin","iat":1767940429,"exp":1768545229}
[2026-01-09T06:33:51.607Z] Final Where: {"role":"DEALER"}
[2026-01-09T06:33:51.609Z] Found 3 users.
[2026-01-09T06:33:51.610Z] Found 9 users.
[2026-01-09T06:34:02.092Z] --- GET /users REQUEST ---
[2026-01-09T06:34:02.093Z] User Token Payload: {"id":4,"role":"DISTRIBUTOR","name":"shubham","iat":1767940438,"exp":1768545238}
[2026-01-09T06:34:02.093Z] Applying Filter: distributorId=4 (number)
[2026-01-09T06:34:02.094Z] Final Where: {"distributorId":4,"role":"DEALER"}
[2026-01-09T06:34:02.096Z] Found 5 users.
[2026-01-09T06:35:58.898Z] --- GET /users REQUEST ---
[2026-01-09T06:35:58.898Z] User Token Payload: {"id":1,"role":"MANUFACTURER","name":"Z-on Door Admin","iat":1767940478,"exp":1768545278}
[2026-01-09T06:35:58.899Z] Final Where: {"role":"DEALER"}
[2026-01-09T06:35:58.901Z] --- GET /users REQUEST ---
[2026-01-09T06:35:58.902Z] User Token Payload: {"id":1,"role":"MANUFACTURER","name":"Z-on Door Admin","iat":1767940478,"exp":1768545278}
[2026-01-09T06:35:58.903Z] Final Where: {"role":"DISTRIBUTOR"}
[2026-01-09T06:35:58.905Z] Found 9 users.
[2026-01-09T06:35:58.907Z] Found 3 users.
[2026-01-09T17:27:04.997Z] --- GET /users REQUEST ---
[2026-01-09T17:27:05.096Z] User Token Payload: {"id":1,"role":"MANUFACTURER","name":"Z-on Door Admin","iat":1767979475,"exp":1768584275}
[2026-01-09T17:27:05.098Z] Final Where: {"role":"DISTRIBUTOR"}
[2026-01-09T17:27:05.116Z] Found 3 users.
[2026-01-09T17:27:06.310Z] --- GET /users REQUEST ---
[2026-01-09T17:27:06.310Z] User Token Payload: {"id":1,"role":"MANUFACTURER","name":"Z-on Door Admin","iat":1767979475,"exp":1768584275}
[2026-01-09T17:27:06.311Z] Final Where: {"role":"DISTRIBUTOR"}
[2026-01-09T17:27:06.312Z] --- GET /users REQUEST ---
[2026-01-09T17:27:06.312Z] User Token Payload: {"id":1,"role":"MANUFACTURER","name":"Z-on Door Admin","iat":1767979475,"exp":1768584275}
[2026-01-09T17:27:06.313Z] Final Where: {"role":"DEALER"}
[2026-01-09T17:27:06.315Z] Found 3 users.
[2026-01-09T17:27:06.317Z] Found 9 users.
[2026-01-09T17:29:55.319Z] --- GET /users REQUEST ---
[2026-01-09T17:29:55.319Z] User Token Payload: {"id":1,"role":"MANUFACTURER","name":"Z-on Door Admin","iat":1767979475,"exp":1768584275}
[2026-01-09T17:29:55.320Z] Final Where: {"role":"DEALER"}
[2026-01-09T17:29:55.321Z] --- GET /users REQUEST ---
[2026-01-09T17:29:55.321Z] User Token Payload: {"id":1,"role":"MANUFACTURER","name":"Z-on Door Admin","iat":1767979475,"exp":1768584275}
[2026-01-09T17:29:55.322Z] Final Where: {"role":"DISTRIBUTOR"}
[2026-01-09T17:29:55.324Z] Found 9 users.
[2026-01-09T17:29:55.325Z] Found 3 users.
[2026-01-09T17:29:59.029Z] --- GET /users REQUEST ---
[2026-01-09T17:29:59.029Z] User Token Payload: {"id":1,"role":"MANUFACTURER","name":"Z-on Door Admin","iat":1767979475,"exp":1768584275}
[2026-01-09T17:29:59.030Z] Final Where: {"role":"DISTRIBUTOR"}
[2026-01-09T17:29:59.031Z] Found 3 users.
[2026-01-27T14:33:51.671Z] --- GET /users REQUEST ---
[2026-01-27T14:33:51.775Z] --- GET /users REQUEST ---
[2026-01-27T14:33:51.792Z] Found 3 users.
[2026-01-27T14:33:51.793Z] Found 9 users.
[2026-01-27T14:33:53.229Z] --- GET /users REQUEST ---
[2026-01-27T14:33:53.234Z] Found 3 users.
[2026-01-27T14:33:59.633Z] --- GET /users REQUEST ---
[2026-01-27T14:33:59.668Z] Found 3 users.
[2026-01-27T15:03:11.129Z] --- GET /users REQUEST ---
[2026-01-27T15:03:11.182Z] Found 3 users.
[2026-01-27T18:21:54.103Z] --- GET /users REQUEST ---
[2026-01-27T18:21:54.166Z] Found 3 users.
[2026-01-27T18:22:07.976Z] --- GET /users REQUEST ---
[2026-01-27T18:22:07.981Z] Found 3 users.
[2026-01-27T18:22:09.589Z] --- GET /users REQUEST ---
[2026-01-27T18:22:09.591Z] --- GET /users REQUEST ---
[2026-01-27T18:22:09.609Z] Found 3 users.
[2026-01-27T18:22:09.610Z] Found 9 users.
[2026-01-27T18:32:49.154Z] --- GET /users REQUEST ---
[2026-01-27T18:32:49.193Z] Found 3 users.
[2026-01-27T18:32:51.344Z] --- GET /users REQUEST ---
[2026-01-27T18:32:51.375Z] Found 3 users.
[2026-01-27T18:32:56.447Z] --- GET /users REQUEST ---
[2026-01-27T18:32:56.478Z] Found 3 users.
[2026-01-27T19:54:22.991Z] --- GET /users REQUEST ---
[2026-01-27T19:54:22.993Z] --- GET /users REQUEST ---
[2026-01-27T19:54:23.012Z] Found 9 users.
[2026-01-27T19:54:23.013Z] Found 3 users.
[2026-01-27T19:55:53.017Z] --- GET /users REQUEST ---
[2026-01-27T19:55:53.054Z] Found 3 users.
[2026-01-27T20:12:46.103Z] --- GET /users REQUEST ---
[2026-01-27T20:12:46.106Z] --- GET /users REQUEST ---
[2026-01-27T20:12:46.124Z] Found 3 users.
[2026-01-27T20:12:46.125Z] Found 9 users.
[2026-02-01T15:42:19.800Z] --- GET /users REQUEST ---
[2026-02-01T15:42:20.148Z] --- GET /users REQUEST ---
[2026-02-01T15:42:20.168Z] Found 9 users.
[2026-02-01T15:42:20.170Z] Found 3 users.
[2026-02-01T15:42:30.782Z] --- GET /users REQUEST ---
[2026-02-01T15:42:30.788Z] Found 3 users.
[2026-02-01T15:42:42.381Z] --- GET /users REQUEST ---
[2026-02-01T15:42:42.385Z] Found 3 users.
[2026-02-01T16:27:54.606Z] --- GET /users REQUEST ---
[2026-02-01T16:27:54.707Z] Found 5 users.
[2026-02-02T16:14:45.733Z] --- GET /users REQUEST ---
[2026-02-02T16:14:45.813Z] Found 3 users.
[2026-02-02T16:15:18.120Z] --- GET /users REQUEST ---
[2026-02-02T16:15:18.128Z] Found 3 users.
[2026-02-02T16:15:24.179Z] --- GET /users REQUEST ---
[2026-02-02T16:15:24.215Z] Found 3 users.
[2026-02-02T16:38:21.783Z] --- GET /users REQUEST ---
[2026-02-02T16:38:21.784Z] ERROR: User is not associated to User!
[2026-02-02T16:38:48.508Z] --- GET /users REQUEST ---
[2026-02-02T16:38:48.509Z] ERROR: User is not associated to User!
[2026-02-02T16:38:57.189Z] --- GET /users REQUEST ---
[2026-02-02T16:38:57.190Z] ERROR: User is not associated to User!
[2026-02-02T16:39:19.344Z] --- GET /users REQUEST ---
[2026-02-02T16:39:19.345Z] ERROR: User is not associated to User!
[2026-02-02T16:46:22.646Z] --- GET /users REQUEST ---
[2026-02-02T16:46:22.647Z] ERROR: User is not associated to User!
[2026-02-02T16:46:29.376Z] --- GET /users REQUEST ---
[2026-02-02T16:46:29.377Z] ERROR: User is not associated to User!
[2026-02-02T16:46:37.642Z] --- GET /users REQUEST ---
[2026-02-02T16:46:37.643Z] ERROR: User is not associated to User!
[2026-02-02T16:49:04.302Z] --- GET /users REQUEST ---
[2026-02-02T16:49:04.336Z] Found 3 users.
[2026-02-02T16:49:18.430Z] --- GET /users REQUEST ---
[2026-02-02T16:49:18.463Z] Found 3 users.
[2026-02-02T16:49:25.443Z] --- GET /users REQUEST ---
[2026-02-02T16:49:25.485Z] Found 3 users.
[2026-02-02T16:51:47.891Z] --- GET /users REQUEST ---
[2026-02-02T16:51:47.926Z] Found 3 users.
[2026-02-02T17:11:41.651Z] --- GET /users REQUEST ---
[2026-02-02T17:11:41.659Z] Found 3 users.
[2026-02-02T17:31:53.459Z] --- GET /users REQUEST ---
[2026-02-02T17:31:53.474Z] Found 9 users.
[2026-02-02T17:31:53.477Z] --- GET /users REQUEST ---
[2026-02-02T17:31:53.482Z] Found 3 users.
[2026-02-02T17:32:38.057Z] --- GET /users REQUEST ---
[2026-02-02T17:32:38.071Z] Found 10 users.
[2026-02-02T17:32:40.096Z] --- GET /users REQUEST ---
[2026-02-02T17:32:40.100Z] Found 3 users.
[2026-02-02T17:33:29.439Z] --- GET /users REQUEST ---
[2026-02-02T17:33:29.449Z] Found 4 users.
[2026-02-02T17:33:33.651Z] --- GET /users REQUEST ---
[2026-02-02T17:33:33.653Z] --- GET /users REQUEST ---
[2026-02-02T17:33:33.677Z] Found 4 users.
[2026-02-02T17:33:33.677Z] Found 10 users.
[2026-02-02T17:33:40.404Z] --- GET /users REQUEST ---
[2026-02-02T17:33:40.419Z] Found 10 users.
[2026-02-02T17:57:38.951Z] --- GET /users REQUEST ---
[2026-02-02T17:57:39.112Z] Found 4 users.
[2026-02-02T17:59:34.153Z] --- GET /users REQUEST ---
[2026-02-02T17:59:34.344Z] Found 4 users.
[2026-02-02T18:20:05.786Z] --- GET /users REQUEST ---
[2026-02-02T18:20:05.949Z] Found 4 users.
[2026-02-02T19:18:52.586Z] --- GET /users REQUEST ---
[2026-02-02T19:18:54.583Z] Found 4 users.
[2026-02-02T19:34:28.744Z] --- GET /users REQUEST ---
[2026-02-02T19:34:28.754Z] Found 4 users.
[2026-02-02T19:34:32.854Z] --- GET /users REQUEST ---
[2026-02-02T19:34:32.856Z] --- GET /users REQUEST ---
[2026-02-02T19:34:32.876Z] Found 10 users.
[2026-02-02T19:34:32.878Z] Found 4 users.
[2026-02-02T19:34:37.097Z] --- GET /users REQUEST ---
[2026-02-02T19:34:37.438Z] Found 4 users.
[2026-02-02T19:35:27.174Z] --- GET /users REQUEST ---
[2026-02-02T19:35:27.181Z] Found 4 users.
[2026-02-02T19:35:38.396Z] --- GET /users REQUEST ---
[2026-02-02T19:35:38.397Z] --- GET /users REQUEST ---
[2026-02-02T19:35:38.418Z] Found 10 users.
[2026-02-02T19:35:38.420Z] Found 4 users.
[2026-02-02T19:35:46.669Z] --- GET /users REQUEST ---
[2026-02-02T19:35:46.964Z] Found 4 users.
[2026-02-02T19:41:46.634Z] --- GET /users REQUEST ---
[2026-02-02T19:41:46.645Z] Found 4 users.
[2026-02-02T19:41:47.478Z] --- GET /users REQUEST ---
[2026-02-02T19:41:47.892Z] Found 4 users.
[2026-02-02T19:42:19.819Z] --- GET /users REQUEST ---
[2026-02-02T19:42:20.246Z] Found 4 users.
[2026-02-02T19:42:32.510Z] --- GET /users REQUEST ---
[2026-02-02T19:42:32.679Z] Found 4 users.
[2026-02-02T19:52:15.134Z] --- GET /users REQUEST ---
[2026-02-02T19:52:15.146Z] Found 4 users.
[2026-02-03T07:21:10.983Z] --- GET /users REQUEST ---
[2026-02-03T07:21:11.004Z] Found 4 users.
[2026-02-03T07:29:06.373Z] --- GET /users REQUEST ---
[2026-02-03T07:29:06.380Z] Found 4 users.
[2026-02-03T17:59:52.979Z] --- GET /users REQUEST ---
[2026-02-03T17:59:53.190Z] Found 4 users.
[2026-02-03T18:37:28.579Z] --- GET /users REQUEST ---
[2026-02-03T18:37:28.861Z] Found 4 users.
[2026-02-03T18:51:50.162Z] --- GET /users REQUEST ---
[2026-02-03T18:51:50.540Z] Found 4 users.
[2026-02-03T18:52:03.865Z] --- GET /users REQUEST ---
[2026-02-03T18:52:03.872Z] Found 4 users.
[2026-02-03T18:52:14.644Z] --- GET /users REQUEST ---
[2026-02-03T18:52:14.646Z] --- GET /users REQUEST ---
[2026-02-03T18:52:14.662Z] Found 4 users.
[2026-02-03T18:52:14.664Z] Found 10 users.
[2026-02-03T18:52:16.612Z] --- GET /users REQUEST ---
[2026-02-03T18:52:16.622Z] Found 4 users.
[2026-02-03T18:52:22.920Z] --- GET /users REQUEST ---
[2026-02-03T18:52:23.104Z] Found 4 users.
[2026-02-03T18:52:27.539Z] --- GET /users REQUEST ---
[2026-02-03T18:52:27.859Z] Found 4 users.
[2026-02-03T19:00:03.958Z] --- GET /users REQUEST ---
[2026-02-03T19:00:03.967Z] Found 4 users.
[2026-02-03T19:00:09.978Z] --- GET /users REQUEST ---
[2026-02-03T19:00:09.987Z] Found 4 users.
[2026-02-03T19:26:11.172Z] --- GET /users REQUEST ---
[2026-02-03T19:26:11.179Z] Found 4 users.
[2026-02-03T19:26:15.703Z] --- GET /users REQUEST ---
[2026-02-03T19:26:16.048Z] Found 4 users.
[2026-02-03T19:26:19.161Z] --- GET /users REQUEST ---
[2026-02-03T19:26:19.487Z] Found 4 users.
[2026-02-03T19:26:58.486Z] --- GET /users REQUEST ---
[2026-02-03T19:26:58.791Z] Found 4 users.
[2026-02-03T19:32:37.087Z] --- GET /users REQUEST ---
[2026-02-03T19:32:37.232Z] Found 4 users.
[2026-02-04T15:22:51.868Z] --- GET /users REQUEST ---
[2026-02-04T15:22:52.001Z] --- GET /users REQUEST ---
[2026-02-04T15:22:52.023Z] Found 4 users.
[2026-02-04T15:22:52.025Z] Found 10 users.
[2026-02-04T15:22:56.787Z] --- GET /users REQUEST ---
[2026-02-04T15:22:57.150Z] Found 4 users.
[2026-02-04T15:22:59.768Z] --- GET /users REQUEST ---
[2026-02-04T15:22:59.774Z] Found 4 users.
[2026-02-04T15:23:12.147Z] --- GET /users REQUEST ---
[2026-02-04T15:23:12.320Z] Found 4 users.
[2026-02-04T15:23:20.528Z] --- GET /users REQUEST ---
[2026-02-04T15:23:20.537Z] Found 4 users.
[2026-02-04T15:23:54.905Z] --- GET /users REQUEST ---
[2026-02-04T15:23:54.916Z] Found 10 users.
[2026-02-04T15:23:54.918Z] --- GET /users REQUEST ---
[2026-02-04T15:23:54.923Z] Found 4 users.
[2026-02-04T15:23:58.349Z] --- GET /users REQUEST ---
[2026-02-04T15:23:58.353Z] --- GET /users REQUEST ---
[2026-02-04T15:23:58.385Z] Found 10 users.
[2026-02-04T15:23:58.386Z] Found 4 users.
[2026-02-04T15:24:00.500Z] --- GET /users REQUEST ---
[2026-02-04T15:24:00.506Z] Found 4 users.
[2026-02-04T15:24:03.243Z] --- GET /users REQUEST ---
[2026-02-04T15:24:03.245Z] --- GET /users REQUEST ---
[2026-02-04T15:24:03.257Z] Found 4 users.
[2026-02-04T15:24:03.258Z] Found 10 users.
[2026-02-04T15:24:26.458Z] --- GET /users REQUEST ---
[2026-02-04T15:24:26.466Z] Found 5 users.
[2026-02-04T15:24:51.950Z] --- GET /users REQUEST ---
[2026-02-04T15:24:51.957Z] Found 5 users.
[2026-02-04T15:26:04.986Z] --- GET /users REQUEST ---
[2026-02-04T15:26:04.987Z] --- GET /users REQUEST ---
[2026-02-04T15:26:05.004Z] Found 10 users.
[2026-02-04T15:26:05.005Z] Found 4 users.
[2026-02-04T15:30:29.725Z] --- GET /users REQUEST ---
[2026-02-04T15:30:30.145Z] Found 4 users.
[2026-02-04T15:34:19.273Z] --- GET /users REQUEST ---
[2026-02-04T15:34:19.279Z] Found 4 users.
[2026-02-04T15:55:33.435Z] --- GET /users REQUEST ---
[2026-02-04T15:55:33.437Z] --- GET /users REQUEST ---
[2026-02-04T15:55:33.456Z] Found 4 users.
[2026-02-04T15:55:33.457Z] Found 10 users.
[2026-02-04T15:59:32.626Z] --- GET /users REQUEST ---
[2026-02-04T15:59:32.975Z] Found 4 users.
[2026-02-04T15:59:49.696Z] --- GET /users REQUEST ---
[2026-02-04T15:59:50.007Z] Found 4 users.
[2026-02-04T15:59:53.605Z] --- GET /users REQUEST ---
[2026-02-04T15:59:53.903Z] Found 4 users.
[2026-02-04T16:00:11.420Z] --- GET /users REQUEST ---
[2026-02-04T16:00:11.510Z] Found 4 users.
[2026-02-04T16:01:08.276Z] --- GET /users REQUEST ---
[2026-02-04T16:01:08.437Z] Found 4 users.
[2026-02-04T16:01:37.157Z] --- GET /users REQUEST ---
[2026-02-04T16:01:37.167Z] Found 4 users.
[2026-02-04T16:22:50.850Z] --- GET /users REQUEST ---
[2026-02-04T16:22:50.851Z] --- GET /users REQUEST ---
[2026-02-04T16:22:50.865Z] Found 4 users.
[2026-02-04T16:22:50.866Z] Found 10 users.
[2026-02-04T16:22:56.086Z] --- GET /users REQUEST ---
[2026-02-04T16:22:56.407Z] Found 4 users.
[2026-02-04T16:23:05.124Z] --- GET /users REQUEST ---
[2026-02-04T16:23:05.129Z] Found 4 users.
[2026-02-04T16:26:54.423Z] --- GET /users REQUEST ---
[2026-02-04T16:26:54.425Z] --- GET /users REQUEST ---
[2026-02-04T16:26:54.442Z] Found 10 users.
[2026-02-04T16:26:54.442Z] Found 4 users.
[2026-02-04T16:26:58.818Z] --- GET /users REQUEST ---
[2026-02-04T16:26:59.143Z] Found 4 users.
[2026-02-04T16:27:05.837Z] --- GET /users REQUEST ---
[2026-02-04T16:27:06.252Z] Found 4 users.
[2026-02-04T16:28:00.232Z] --- GET /users REQUEST ---
[2026-02-04T16:28:00.234Z] --- GET /users REQUEST ---
[2026-02-04T16:28:00.248Z] Found 10 users.
[2026-02-04T16:28:00.249Z] Found 4 users.
[2026-02-04T16:28:39.391Z] --- GET /users REQUEST ---
[2026-02-04T16:28:39.699Z] Found 4 users.
[2026-02-04T16:28:43.536Z] --- GET /users REQUEST ---
[2026-02-04T16:28:43.544Z] Found 4 users.
[2026-02-04T16:29:07.591Z] --- GET /users REQUEST ---
[2026-02-04T16:29:07.598Z] Found 4 users.
[2026-02-04T16:29:10.705Z] --- GET /users REQUEST ---
[2026-02-04T16:29:10.720Z] Found 4 users.
[2026-02-04T16:38:39.155Z] --- GET /users REQUEST ---
[2026-02-04T16:38:39.168Z] Found 10 users.
[2026-02-04T16:38:39.170Z] --- GET /users REQUEST ---
[2026-02-04T16:38:39.175Z] Found 4 users.
[2026-02-04T16:38:59.299Z] --- GET /users REQUEST ---
[2026-02-04T16:38:59.304Z] Found 4 users.
[2026-02-04T16:40:27.069Z] --- GET /users REQUEST ---
[2026-02-04T16:40:27.076Z] Found 4 users.
[2026-02-04T16:59:04.404Z] --- GET /users REQUEST ---
[2026-02-04T16:59:04.413Z] Found 4 users.
[2026-02-04T16:59:07.659Z] --- GET /users REQUEST ---
[2026-02-04T16:59:08.103Z] Found 4 users.
[2026-02-04T16:59:14.847Z] --- GET /users REQUEST ---
[2026-02-04T16:59:15.157Z] Found 4 users.
[2026-02-04T16:59:18.303Z] --- GET /users REQUEST ---
[2026-02-04T16:59:18.304Z] --- GET /users REQUEST ---
[2026-02-04T16:59:18.318Z] Found 4 users.
[2026-02-04T16:59:18.319Z] Found 10 users.
[2026-02-04T16:59:23.665Z] --- GET /users REQUEST ---
[2026-02-04T16:59:23.817Z] Found 4 users.
[2026-02-04T17:10:47.494Z] --- GET /users REQUEST ---
[2026-02-04T17:10:47.499Z] Found 4 users.
[2026-02-04T17:10:53.867Z] --- GET /users REQUEST ---
[2026-02-04T17:10:53.895Z] Found 4 users.
[2026-02-04T17:11:11.542Z] --- GET /users REQUEST ---
[2026-02-04T17:11:11.548Z] Found 4 users.
[2026-02-04T17:23:39.413Z] --- GET /users REQUEST ---
[2026-02-04T17:23:39.434Z] Found 4 users.
[2026-02-04T17:27:24.992Z] --- GET /users REQUEST ---
[2026-02-04T17:27:25.008Z] Found 4 users.
[2026-02-04T17:27:41.887Z] --- GET /users REQUEST ---
[2026-02-04T17:27:41.922Z] Found 4 users.
[2026-02-04T17:47:07.294Z] --- GET /users REQUEST ---
[2026-02-04T17:47:07.302Z] Found 4 users.
[2026-02-04T17:47:54.037Z] --- GET /users REQUEST ---
[2026-02-04T17:47:54.063Z] Found 4 users.
[2026-02-04T17:48:58.051Z] --- GET /users REQUEST ---
[2026-02-04T17:48:58.067Z] Found 4 users.
[2026-02-04T17:49:28.058Z] --- GET /users REQUEST ---
[2026-02-04T17:49:28.088Z] Found 4 users.
[2026-02-04T17:49:45.741Z] --- GET /users REQUEST ---
[2026-02-04T17:49:45.770Z] Found 4 users.
[2026-02-04T17:51:52.049Z] --- GET /users REQUEST ---
[2026-02-04T17:51:52.055Z] Found 4 users.
[2026-02-04T17:58:05.911Z] --- GET /users REQUEST ---
[2026-02-04T17:58:05.939Z] Found 4 users.
[2026-02-04T17:58:08.375Z] --- GET /users REQUEST ---
[2026-02-04T17:58:08.404Z] Found 4 users.
[2026-02-04T17:58:16.728Z] --- GET /users REQUEST ---
[2026-02-04T17:58:16.733Z] Found 4 users.
[2026-02-04T18:14:48.585Z] --- GET /users REQUEST ---
[2026-02-04T18:14:48.594Z] Found 4 users.
[2026-02-04T18:15:32.812Z] --- GET /users REQUEST ---
[2026-02-04T18:15:32.822Z] Found 4 users.
[2026-02-04T18:24:23.856Z] --- GET /users REQUEST ---
[2026-02-04T18:24:23.902Z] Found 4 users.
[2026-02-04T18:24:27.894Z] --- GET /users REQUEST ---
[2026-02-04T18:24:27.926Z] Found 4 users.
[2026-02-04T18:26:59.357Z] --- GET /users REQUEST ---
[2026-02-04T18:26:59.385Z] Found 4 users.
[2026-02-04T18:27:52.574Z] --- GET /users REQUEST ---
[2026-02-04T18:27:52.579Z] Found 4 users.
[2026-02-04T18:28:30.041Z] --- GET /users REQUEST ---
[2026-02-04T18:28:30.072Z] Found 4 users.
[2026-02-04T18:29:58.000Z] --- GET /users REQUEST ---
[2026-02-04T18:29:58.006Z] Found 5 users.
[2026-02-04T18:30:03.329Z] --- GET /users REQUEST ---
[2026-02-04T18:30:03.336Z] Found 5 users.
[2026-02-04T18:48:38.242Z] --- GET /users REQUEST ---
[2026-02-04T18:48:38.269Z] Found 4 users.
[2026-02-04T18:48:41.726Z] --- GET /users REQUEST ---
[2026-02-04T18:48:41.765Z] Found 4 users.
[2026-02-04T18:48:54.243Z] --- GET /users REQUEST ---
[2026-02-04T18:48:54.251Z] Found 4 users.
[2026-02-04T18:49:01.942Z] --- GET /users REQUEST ---
[2026-02-04T18:49:01.981Z] Found 4 users.
[2026-02-04T19:00:02.119Z] --- GET /users REQUEST ---
[2026-02-04T19:00:02.467Z] Found 4 users.
[2026-02-04T19:00:15.390Z] --- GET /users REQUEST ---
[2026-02-04T19:00:15.401Z] Found 4 users.
[2026-02-04T19:05:00.327Z] --- GET /users REQUEST ---
[2026-02-04T19:05:00.343Z] Found 4 users.
[2026-02-04T19:05:10.491Z] --- GET /users REQUEST ---
[2026-02-04T19:05:10.498Z] Found 4 users.
[2026-02-04T19:35:54.403Z] --- GET /users REQUEST ---
[2026-02-04T19:35:54.552Z] Found 4 users.
[2026-02-04T19:42:31.114Z] --- GET /users REQUEST ---
[2026-02-04T19:42:31.163Z] Found 4 users.
[2026-02-04T19:58:31.979Z] --- GET /users REQUEST ---
[2026-02-04T19:58:31.981Z] Found 1 users.
[2026-02-04T19:58:35.195Z] --- GET /users REQUEST ---
[2026-02-04T19:58:36.789Z] Found 1 users.
[2026-02-04T20:06:34.113Z] --- GET /users REQUEST ---
[2026-02-04T20:06:34.164Z] Found 4 users.
[2026-02-04T20:06:43.603Z] --- GET /users REQUEST ---
[2026-02-04T20:06:43.609Z] Found 4 users.
[2026-02-05T11:17:04.791Z] --- GET /users REQUEST ---
[2026-02-05T11:17:06.471Z] Found 4 users.
[2026-02-05T11:22:24.887Z] --- GET /users REQUEST ---
[2026-02-05T11:22:24.896Z] Found 4 users.
[2026-02-05T11:22:27.826Z] --- GET /users REQUEST ---
[2026-02-05T11:22:29.342Z] --- GET /users REQUEST ---
[2026-02-05T11:22:29.363Z] Found 4 users.
[2026-02-05T11:22:29.363Z] Found 10 users.
[2026-02-05T11:22:29.502Z] --- GET /users REQUEST ---
[2026-02-05T11:22:29.511Z] Found 4 users.
[2026-02-06T17:46:32.869Z] --- GET /users REQUEST ---
[2026-02-06T17:46:32.950Z] Found 4 users.
[2026-02-06T17:46:45.023Z] --- GET /users REQUEST ---
[2026-02-06T17:46:45.029Z] Found 4 users.
[2026-02-11T16:28:33.003Z] --- GET /users REQUEST ---
[2026-02-11T16:28:33.184Z] Found 4 users.
[2026-02-11T16:28:38.591Z] --- GET /users REQUEST ---
[2026-02-11T16:28:38.594Z] --- GET /users REQUEST ---
[2026-02-11T16:28:38.615Z] Found 4 users.
[2026-02-11T16:28:38.616Z] Found 10 users.
[2026-02-11T16:29:31.076Z] --- GET /users REQUEST ---
[2026-02-11T16:29:31.082Z] Found 4 users.
[2026-02-11T16:29:33.918Z] --- GET /users REQUEST ---
[2026-02-11T16:29:33.924Z] Found 4 users.
[2026-02-11T16:29:35.086Z] --- GET /users REQUEST ---
[2026-02-11T16:29:35.088Z] --- GET /users REQUEST ---
[2026-02-11T16:29:35.104Z] Found 4 users.
[2026-02-11T16:29:35.105Z] Found 10 users.
[2026-02-11T16:29:40.124Z] --- GET /users REQUEST ---
[2026-02-11T16:29:40.174Z] Found 4 users.
[2026-02-11T16:31:07.321Z] --- GET /users REQUEST ---
[2026-02-11T16:31:07.322Z] --- GET /users REQUEST ---
[2026-02-11T16:31:07.338Z] Found 4 users.
[2026-02-11T16:31:07.340Z] Found 10 users.
[2026-02-11T16:31:08.488Z] --- GET /users REQUEST ---
[2026-02-11T16:31:08.496Z] Found 4 users.
[2026-02-11T16:31:41.329Z] --- GET /users REQUEST ---
[2026-02-11T16:31:41.339Z] Found 5 users.
[2026-02-11T16:44:09.505Z] --- GET /users REQUEST ---
[2026-02-11T16:44:09.506Z] --- GET /users REQUEST ---
[2026-02-11T16:44:09.523Z] Found 4 users.
[2026-02-11T16:44:09.524Z] Found 10 users.
[2026-02-11T16:49:21.520Z] --- GET /users REQUEST ---
[2026-02-11T16:49:21.531Z] Found 10 users.
[2026-02-11T16:49:21.533Z] --- GET /users REQUEST ---
[2026-02-11T16:49:21.538Z] Found 4 users.
[2026-02-11T16:49:41.514Z] --- GET /users REQUEST ---
[2026-02-11T16:49:41.515Z] --- GET /users REQUEST ---
[2026-02-11T16:49:41.530Z] Found 4 users.
[2026-02-11T16:49:41.531Z] Found 10 users.
[2026-02-11T16:51:37.524Z] --- GET /users REQUEST ---
[2026-02-11T16:51:37.537Z] Found 10 users.
[2026-02-11T16:51:37.540Z] --- GET /users REQUEST ---
[2026-02-11T16:51:37.548Z] Found 4 users.
[2026-02-11T16:51:38.513Z] --- GET /users REQUEST ---
[2026-02-11T16:51:38.514Z] --- GET /users REQUEST ---
[2026-02-11T16:51:38.529Z] Found 10 users.
[2026-02-11T16:51:38.529Z] Found 4 users.
[2026-02-11T16:52:03.510Z] --- GET /users REQUEST ---
[2026-02-11T16:52:03.511Z] --- GET /users REQUEST ---
[2026-02-11T16:52:03.528Z] Found 4 users.
[2026-02-11T16:52:03.529Z] Found 10 users.
[2026-02-11T16:53:52.104Z] --- GET /users REQUEST ---
[2026-02-11T16:53:52.112Z] Found 4 users.
[2026-02-11T16:53:57.189Z] --- GET /users REQUEST ---
[2026-02-11T16:53:57.205Z] Found 10 users.
[2026-02-11T16:55:25.797Z] --- GET /users REQUEST ---
[2026-02-11T16:55:25.799Z] --- GET /users REQUEST ---
[2026-02-11T16:55:25.818Z] Found 4 users.
[2026-02-11T16:55:25.819Z] Found 10 users.
[2026-02-11T16:55:35.952Z] --- GET /users REQUEST ---
[2026-02-11T16:55:35.971Z] Found 4 users.
[2026-02-11T16:55:40.322Z] --- GET /users REQUEST ---
[2026-02-11T16:55:40.323Z] --- GET /users REQUEST ---
[2026-02-11T16:55:40.337Z] Found 4 users.
[2026-02-11T16:55:40.337Z] Found 10 users.
[2026-02-11T16:56:14.422Z] --- GET /users REQUEST ---
[2026-02-11T16:56:14.443Z] Found 4 users.
[2026-02-11T17:23:14.948Z] --- GET /users REQUEST ---
[2026-02-11T17:23:14.967Z] Found 4 users.
[2026-02-11T17:39:18.440Z] --- GET /users REQUEST ---
[2026-02-11T17:39:18.475Z] Found 4 users.
[2026-02-11T17:39:28.416Z] --- GET /users REQUEST ---
[2026-02-11T17:39:28.417Z] --- GET /users REQUEST ---
[2026-02-11T17:39:28.431Z] Found 4 users.
[2026-02-11T17:39:28.432Z] Found 10 users.
[2026-02-11T17:40:38.084Z] --- GET /users REQUEST ---
[2026-02-11T17:40:38.125Z] Found 4 users.
[2026-02-11T17:40:42.233Z] --- GET /users REQUEST ---
[2026-02-11T17:40:42.234Z] --- GET /users REQUEST ---
[2026-02-11T17:40:42.250Z] Found 4 users.
[2026-02-11T17:40:42.251Z] Found 10 users.
[2026-02-11T17:40:45.277Z] --- GET /users REQUEST ---
[2026-02-11T17:40:45.341Z] Found 4 users.
[2026-02-11T17:44:20.526Z] --- GET /users REQUEST ---
[2026-02-11T17:44:20.533Z] Found 4 users.
[2026-02-11T17:44:33.506Z] --- GET /users REQUEST ---
[2026-02-11T17:44:33.550Z] Found 4 users.
[2026-02-11T17:46:32.511Z] --- GET /users REQUEST ---
[2026-02-11T17:46:32.558Z] Found 4 users.
[2026-02-11T17:47:57.508Z] --- GET /users REQUEST ---
[2026-02-11T17:47:57.538Z] Found 4 users.
[2026-02-11T18:36:42.071Z] --- GET /users REQUEST ---
[2026-02-11T18:36:43.725Z] Found 4 users.
[2026-02-11T18:36:50.113Z] --- GET /users REQUEST ---
[2026-02-11T18:36:50.115Z] --- GET /users REQUEST ---
[2026-02-11T18:36:50.139Z] Found 4 users.
[2026-02-11T18:36:50.141Z] Found 10 users.
[2026-02-12T08:56:30.867Z] --- GET /users REQUEST ---
[2026-02-12T08:56:32.301Z] Found 4 users.
[2026-02-12T09:25:24.945Z] --- GET /users REQUEST ---
[2026-02-12T09:25:24.983Z] Found 4 users.
[2026-02-12T09:27:18.198Z] --- GET /users REQUEST ---
[2026-02-12T09:27:18.199Z] --- GET /users REQUEST ---
[2026-02-12T09:27:18.216Z] Found 4 users.
[2026-02-12T09:27:18.217Z] Found 10 users.
[2026-02-12T09:28:15.717Z] --- GET /users REQUEST ---
[2026-02-12T09:28:15.722Z] Found 4 users.
[2026-02-12T09:28:26.948Z] --- GET /users REQUEST ---
[2026-02-12T09:28:26.950Z] --- GET /users REQUEST ---
[2026-02-12T09:28:26.968Z] Found 4 users.
[2026-02-12T09:28:26.969Z] Found 10 users.
[2026-02-12T09:28:31.970Z] --- GET /users REQUEST ---
[2026-02-12T09:28:31.971Z] --- GET /users REQUEST ---
[2026-02-12T09:28:31.984Z] Found 4 users.
[2026-02-12T09:28:31.985Z] Found 10 users.
[2026-02-12T09:28:48.703Z] --- GET /users REQUEST ---
[2026-02-12T09:28:48.709Z] Found 4 users.
[2026-05-14T13:26:08.716Z] --- GET /users REQUEST ---
[2026-05-14T13:26:08.740Z] Found 4 users.
[2026-05-14T13:27:01.604Z] --- GET /users REQUEST ---
[2026-05-14T13:27:01.607Z] --- GET /users REQUEST ---
[2026-05-14T13:27:01.623Z] Found 10 users.
[2026-05-14T13:27:01.626Z] Found 4 users.
[2026-05-14T13:34:34.585Z] --- GET /users REQUEST ---
[2026-05-14T13:34:34.644Z] Found 4 users.
[2026-05-14T13:34:35.063Z] --- GET /users REQUEST ---
[2026-05-14T13:34:35.064Z] --- GET /users REQUEST ---
[2026-05-14T13:34:35.081Z] Found 4 users.
[2026-05-14T13:34:35.081Z] Found 10 users.
[2026-05-14T13:34:36.977Z] --- GET /users REQUEST ---
[2026-05-14T13:34:37.029Z] Found 4 users.
[2026-05-14T13:34:39.090Z] --- GET /users REQUEST ---
[2026-05-14T13:34:39.091Z] --- GET /users REQUEST ---
[2026-05-14T13:34:39.110Z] Found 4 users.
[2026-05-14T13:34:39.111Z] Found 10 users.
[2026-05-14T13:35:10.379Z] --- GET /users REQUEST ---
[2026-05-14T13:35:10.386Z] Found 5 users.
[2026-05-14T13:35:30.455Z] --- GET /users REQUEST ---
[2026-05-14T13:35:30.457Z] Found 0 users.
[2026-05-14T13:41:12.094Z] --- GET /users REQUEST ---
[2026-05-14T13:41:12.140Z] Found 5 users.
[2026-05-27T12:11:29.453Z] --- GET /users REQUEST ---
[2026-05-27T12:11:29.565Z] Found 5 users.
[2026-05-27T12:12:10.185Z] --- GET /users REQUEST ---
[2026-05-27T12:12:10.187Z] --- GET /users REQUEST ---
[2026-05-27T12:12:10.207Z] Found 5 users.
[2026-05-27T12:12:10.208Z] Found 10 users.
[2026-05-27T12:13:55.471Z] --- GET /users REQUEST ---
[2026-05-27T12:13:55.515Z] Found 5 users.
[2026-05-27T12:14:46.179Z] --- GET /users REQUEST ---
[2026-05-27T12:14:46.221Z] Found 5 users.
[2026-05-27T12:15:01.382Z] --- GET /users REQUEST ---
[2026-05-27T12:15:01.384Z] --- GET /users REQUEST ---
[2026-05-27T12:15:01.407Z] Found 5 users.
[2026-05-27T12:15:01.407Z] Found 10 users.
[2026-05-27T12:15:50.775Z] --- GET /users REQUEST ---
[2026-05-27T12:15:50.792Z] Found 11 users.
[2026-06-14T17:59:17.985Z] --- GET /users REQUEST ---
[2026-06-14T17:59:17.993Z] Found 5 users.
[2026-06-14T17:59:24.301Z] --- GET /users REQUEST ---
[2026-06-14T17:59:24.302Z] --- GET /users REQUEST ---
[2026-06-14T17:59:24.325Z] Found 5 users.
[2026-06-14T17:59:24.325Z] Found 11 users.
[2026-06-14T18:00:16.418Z] --- GET /users REQUEST ---
[2026-06-14T18:00:16.477Z] Found 5 users.
[2026-06-14T18:00:39.372Z] --- GET /users REQUEST ---
[2026-06-14T18:00:39.407Z] Found 5 users.
[2026-06-14T18:03:04.404Z] --- GET /users REQUEST ---
[2026-06-14T18:03:04.416Z] Found 6 users.
[2026-06-14T18:03:17.877Z] --- GET /users REQUEST ---
[2026-06-14T18:03:17.888Z] Found 7 users.
[2026-06-14T18:05:03.063Z] --- GET /users REQUEST ---
[2026-06-14T18:05:03.075Z] Found 7 users.
[2026-06-14T18:06:43.739Z] --- GET /users REQUEST ---
[2026-06-14T18:06:43.799Z] Found 5 users.
[2026-06-14T18:06:47.036Z] --- GET /users REQUEST ---
[2026-06-14T18:06:47.086Z] Found 5 users.
[2026-06-14T19:43:00.598Z] --- GET /users REQUEST ---
[2026-06-14T19:43:23.776Z] Found 5 users.
[2026-06-14T19:43:23.819Z] --- GET /users REQUEST ---
[2026-06-14T19:43:24.430Z] Found 5 users.
[2026-06-14T19:46:42.300Z] --- GET /users REQUEST ---
[2026-06-14T19:46:42.341Z] Found 39 users.
[2026-06-14T19:46:42.343Z] --- GET /users REQUEST ---
[2026-06-14T19:46:42.352Z] Found 5 users.
[2026-06-14T19:47:20.053Z] --- GET /users REQUEST ---
[2026-06-14T19:47:20.053Z] --- GET /users REQUEST ---
[2026-06-14T19:47:20.112Z] Found 5 users.
[2026-06-14T19:47:20.113Z] Found 39 users.
[2026-06-14T19:47:50.904Z] --- GET /users REQUEST ---
[2026-06-14T19:47:50.955Z] Found 39 users.
[2026-06-14T19:47:50.957Z] --- GET /users REQUEST ---
[2026-06-14T19:47:50.965Z] Found 5 users.
[2026-06-14T19:47:55.739Z] --- GET /users REQUEST ---
[2026-06-14T19:47:55.746Z] Found 5 users.
[2026-06-14T19:51:36.787Z] --- GET /users REQUEST ---
[2026-06-14T19:51:36.788Z] --- GET /users REQUEST ---
[2026-06-14T19:51:36.844Z] Found 5 users.
[2026-06-14T19:51:36.846Z] Found 39 users.
[2026-06-14T19:51:46.152Z] --- GET /users REQUEST ---
[2026-06-14T19:51:46.752Z] Found 5 users.
[2026-06-14T19:52:22.680Z] --- GET /users REQUEST ---
[2026-06-14T19:52:22.697Z] Found 7 users.
[2026-06-14T19:54:10.567Z] --- GET /users REQUEST ---
[2026-06-14T19:54:10.568Z] --- GET /users REQUEST ---
[2026-06-14T19:54:10.619Z] Found 39 users.
[2026-06-14T19:54:10.621Z] Found 5 users.
[2026-06-14T19:56:35.806Z] --- GET /users REQUEST ---
[2026-06-14T19:56:35.807Z] --- GET /users REQUEST ---
[2026-06-14T19:56:35.859Z] Found 5 users.
[2026-06-14T19:56:35.860Z] Found 39 users.
[2026-06-14T19:59:46.483Z] --- GET /users REQUEST ---
[2026-06-14T19:59:46.524Z] Found 39 users.
[2026-06-14T20:00:25.276Z] --- GET /users REQUEST ---
[2026-06-14T20:00:25.277Z] --- GET /users REQUEST ---
[2026-06-14T20:00:25.323Z] Found 39 users.
[2026-06-14T20:00:25.324Z] Found 5 users.
[2026-06-14T20:00:33.966Z] --- GET /users REQUEST ---
[2026-06-14T20:00:33.977Z] --- GET /users REQUEST ---
[2026-06-14T20:00:34.013Z] Found 39 users.
[2026-06-14T20:00:34.017Z] Found 5 users.
[2026-06-14T20:05:37.272Z] --- GET /users REQUEST ---
[2026-06-14T20:05:37.273Z] --- GET /users REQUEST ---
[2026-06-14T20:05:37.319Z] Found 5 users.
[2026-06-14T20:05:37.320Z] Found 39 users.
[2026-06-14T20:07:23.972Z] --- GET /users REQUEST ---
[2026-06-14T20:07:24.012Z] Found 39 users.
[2026-06-14T20:07:24.014Z] --- GET /users REQUEST ---
[2026-06-14T20:07:24.022Z] Found 5 users.
[2026-06-14T20:09:05.964Z] --- GET /users REQUEST ---
[2026-06-14T20:09:06.002Z] Found 39 users.
[2026-06-14T20:09:06.005Z] --- GET /users REQUEST ---
[2026-06-14T20:09:06.012Z] Found 5 users.
[2026-06-14T20:12:09.242Z] --- GET /users REQUEST ---
[2026-06-14T20:12:09.822Z] Found 5 users.
[2026-06-14T20:12:20.322Z] --- GET /users REQUEST ---
[2026-06-14T20:12:20.323Z] --- GET /users REQUEST ---
[2026-06-14T20:12:20.374Z] Found 5 users.
[2026-06-14T20:12:20.376Z] Found 39 users.
[2026-06-14T20:13:35.095Z] --- GET /users REQUEST ---
[2026-06-14T20:13:35.105Z] Found 7 users.
[2026-06-14T20:14:28.340Z] --- GET /users REQUEST ---
[2026-06-14T20:14:28.390Z] Found 39 users.
[2026-06-14T20:14:28.393Z] --- GET /users REQUEST ---
[2026-06-14T20:14:28.400Z] Found 5 users.
[2026-06-14T20:17:37.695Z] --- GET /users REQUEST ---
[2026-06-14T20:17:37.696Z] --- GET /users REQUEST ---
[2026-06-14T20:17:37.743Z] Found 5 users.
[2026-06-14T20:17:37.744Z] Found 39 users.
[2026-06-14T20:28:57.477Z] --- GET /users REQUEST ---
[2026-06-14T20:28:57.479Z] --- GET /users REQUEST ---
[2026-06-14T20:29:25.256Z] --- GET /users REQUEST ---
[2026-06-14T20:29:25.258Z] --- GET /users REQUEST ---
[2026-06-14T20:29:37.672Z] Found 28 users.
[2026-06-14T20:29:57.558Z] Found 135 users.
[2026-06-14T20:30:38.237Z] Found 28 users.
[2026-06-14T20:30:47.610Z] Found 154 users.
[2026-06-14T20:30:55.848Z] --- GET /users REQUEST ---
[2026-06-14T20:31:25.075Z] Found 28 users.
[2026-06-14T20:31:43.170Z] --- GET /users REQUEST ---
[2026-06-14T20:31:43.173Z] --- GET /users REQUEST ---
[2026-06-14T20:32:46.112Z] Found 28 users.
[2026-06-14T20:32:46.977Z] Found 214 users.
[2026-06-14T20:34:09.955Z] --- GET /users REQUEST ---
[2026-06-14T20:34:10.059Z] Found 103 users.
[2026-06-14T20:34:32.463Z] --- GET /users REQUEST ---
[2026-06-14T20:34:32.577Z] Found 102 users.
[2026-06-14T20:37:41.585Z] --- GET /users REQUEST ---
[2026-06-14T20:37:42.194Z] Found 28 users.
[2026-06-14T20:38:01.571Z] --- GET /users REQUEST ---
[2026-06-14T20:38:01.605Z] Found 28 users.
[2026-06-14T20:38:10.570Z] --- GET /users REQUEST ---
[2026-06-14T20:38:10.643Z] Found 28 users.
[2026-06-14T20:38:18.615Z] --- GET /users REQUEST ---
[2026-06-14T20:38:18.713Z] Found 28 users.
[2026-06-14T20:38:52.355Z] --- GET /users REQUEST ---
[2026-06-14T20:38:52.420Z] Found 28 users.
[2026-06-15T05:09:48.521Z] --- GET /users REQUEST ---
[2026-06-15T05:09:48.644Z] Found 103 users.
[2026-06-15T05:10:06.395Z] --- GET /users REQUEST ---
[2026-06-15T05:10:06.497Z] Found 103 users.
[2026-06-15T05:10:38.109Z] --- GET /users REQUEST ---
[2026-06-15T05:10:38.680Z] Found 28 users.
[2026-06-15T06:09:25.989Z] --- GET /users REQUEST ---
[2026-06-15T06:09:26.264Z] Found 271 users.
[2026-06-15T06:09:26.269Z] --- GET /users REQUEST ---
[2026-06-15T06:09:26.304Z] Found 28 users.
[2026-06-15T06:10:51.240Z] --- GET /users REQUEST ---
[2026-06-15T06:10:51.811Z] Found 28 users.
[2026-06-15T13:13:09.472Z] --- GET /users REQUEST ---
[2026-06-15T13:13:09.586Z] Found 103 users.
[2026-06-15T13:13:35.180Z] --- GET /users REQUEST ---
[2026-06-15T13:13:35.292Z] Found 103 users.
[2026-06-15T13:14:17.360Z] --- GET /users REQUEST ---
[2026-06-15T13:14:17.467Z] Found 103 users.
[2026-06-15T13:15:02.649Z] --- GET /users REQUEST ---
[2026-06-15T13:15:02.754Z] Found 103 users.
[2026-06-15T13:17:58.835Z] --- GET /users REQUEST ---
[2026-06-15T13:17:58.942Z] Found 103 users.
[2026-06-15T13:26:48.440Z] --- GET /users REQUEST ---
[2026-06-15T13:26:48.520Z] Found 28 users.
[2026-06-15T19:14:40.087Z] --- GET /users REQUEST ---
[2026-06-15T19:14:40.363Z] Found 221 users.
[2026-06-15T19:14:40.369Z] --- GET /users REQUEST ---
[2026-06-15T19:14:40.506Z] Found 28 users.
[2026-06-15T19:39:42.284Z] --- GET /users REQUEST ---
[2026-06-15T19:39:43.014Z] Found 28 users.
[2026-06-15T19:40:16.315Z] --- GET /users REQUEST ---
[2026-06-15T19:40:16.316Z] --- GET /users REQUEST ---
[2026-06-15T19:40:16.653Z] Found 28 users.
[2026-06-15T19:40:16.655Z] Found 221 users.
[2026-06-15T19:42:13.557Z] --- GET /users REQUEST ---
[2026-06-15T19:42:13.672Z] Found 28 users.
[2026-06-15T20:13:18.449Z] --- GET /users REQUEST ---
[2026-06-15T20:13:18.450Z] --- GET /users REQUEST ---
[2026-06-15T20:13:18.736Z] Found 28 users.
[2026-06-15T20:13:18.738Z] Found 221 users.
[2026-06-15T20:17:29.792Z] --- GET /users REQUEST ---
[2026-06-15T20:17:31.114Z] Found 28 users.
[2026-06-17T09:01:11.227Z] --- GET /users REQUEST ---
[2026-06-17T09:01:11.897Z] Found 28 users.
[2026-06-21T10:42:52.445Z] --- GET /users REQUEST ---
[2026-06-21T10:42:52.558Z] Found 28 users.
[2026-06-21T10:43:00.264Z] --- GET /users REQUEST ---
[2026-06-21T10:43:00.265Z] --- GET /users REQUEST ---
[2026-06-21T10:43:00.540Z] Found 221 users.
[2026-06-21T10:43:00.544Z] Found 28 users.
[2026-06-21T10:43:03.464Z] --- GET /users REQUEST ---
[2026-06-21T10:43:03.466Z] --- GET /users REQUEST ---
[2026-06-21T10:43:03.771Z] Found 28 users.
[2026-06-21T10:43:03.772Z] Found 221 users.
[2026-06-21T10:56:00.783Z] --- GET /users REQUEST ---
[2026-06-21T10:56:01.467Z] Found 28 users.
[2026-06-21T11:03:19.215Z] --- GET /users REQUEST ---
[2026-06-21T11:03:19.867Z] Found 28 users.
[2026-06-21T11:03:49.929Z] --- GET /users REQUEST ---
[2026-06-21T11:03:49.930Z] --- GET /users REQUEST ---
[2026-06-21T11:03:50.178Z] Found 221 users.
[2026-06-21T11:03:50.180Z] Found 28 users.
[2026-06-21T11:04:02.592Z] --- GET /users REQUEST ---
[2026-06-21T11:04:02.594Z] --- GET /users REQUEST ---
[2026-06-21T11:04:02.842Z] Found 221 users.
[2026-06-21T11:04:02.846Z] Found 28 users.
[2026-06-21T11:04:40.947Z] --- GET /users REQUEST ---
[2026-06-21T11:04:40.948Z] --- GET /users REQUEST ---
[2026-06-21T11:04:41.206Z] Found 221 users.
[2026-06-21T11:04:41.210Z] Found 28 users.
[2026-06-21T11:05:23.655Z] --- GET /users REQUEST ---
[2026-06-21T11:05:24.255Z] Found 28 users.
[2026-06-21T11:06:14.464Z] --- GET /users REQUEST ---
[2026-06-21T11:06:14.466Z] --- GET /users REQUEST ---
[2026-06-21T11:06:14.725Z] Found 221 users.
[2026-06-21T11:06:14.728Z] Found 28 users.
[2026-09-05T09:11:10.477Z] --- GET /users REQUEST ---
[2026-09-05T09:11:11.258Z] Found 28 users.
[2026-09-05T09:11:12.412Z] --- GET /users REQUEST ---
[2026-09-05T09:11:13.121Z] Found 28 users.
[2026-09-05T09:11:25.217Z] --- GET /users REQUEST ---
[2026-09-05T09:11:25.220Z] --- GET /users REQUEST ---
[2026-09-05T09:11:25.579Z] Found 221 users.
[2026-09-05T09:11:25.581Z] Found 28 users.
[2026-09-05T09:15:04.153Z] --- GET /users REQUEST ---
[2026-09-05T09:15:04.270Z] Found 77 users.
[2026-09-05T09:15:12.470Z] --- GET /users REQUEST ---
[2026-09-05T09:15:12.594Z] Found 77 users.
[2026-09-05T09:15:36.791Z] --- GET /users REQUEST ---
[2026-09-05T09:15:36.916Z] Found 77 users.
[2026-09-05T09:16:03.633Z] --- GET /users REQUEST ---
[2026-09-05T09:16:03.634Z] --- GET /users REQUEST ---
[2026-09-05T09:16:04.010Z] Found 221 users.
[2026-09-05T09:16:04.014Z] Found 28 users.
